___SNAPSHOT___ Describe esops() minimal features | Given a bad path in the config: should throw a friendly error

TypeError: Path `./infrastructure` not found.

## Current Working Directory
`/current/working/directory/`

Allowed paths include:

- filesystem paths: `'./infrastructure'`
- node modules: `'node:@myorg/my-stack/stack'`
