___SNAPSHOT___ Describe esops() minimal features | Given a bad path in the config: should throw a friendly error

TypeError: Path `./infrastructure` not found.

## Current Working Directory
`/current/working/directory/`

## Valid stack config

- *Filesystem:* `['./infrastructure']`
- *Node Module:* `['node:@myorg/my-stack/stack']`
