___SNAPSHOT___ Describe minimal stack with no .gitignore | Given a minimal package with no .gitignore: should generate basic template in cwd

[
  ".vscode",
  ".vscode/settings.json",
  "esops.json",
  "infrastructure",
  "infrastructure/basic",
  "infrastructure/basic/.vscode",
  "infrastructure/basic/.vscode/settings.json",
  "infrastructure/basic/src",
  "infrastructure/basic/src/stores",
  "infrastructure/basic/src/stores/stores-architecture.md",
  "infrastructure/basic/tsconfig.json",
  "src",
  "src/stores",
  "src/stores/stores-architecture.md",
  "tsconfig.json"
]