module.exports[`Describe esops() merge features | Given a minimal package with no extra files: should generate basic template in cwd`] = `

[
  ".esops-merge",
  ".gitignore",
  "infrastructure",
  "infrastructure/.esops-merge",
  "infrastructure/package.json",
  "infrastructure/readme.md",
  "infrastructure/tsconfig.json",
  "package.json",
  "readme.md"
]`

