module.exports[`Describe parseWorkingDirectory() | Given single FS path: should return fs path as LocalStackWithProps`] = `

{
  "directory": "/current/working/directory",
  "cwd": "/current/working/directory",
  "toggles": {},
  "files": [
    "/current/working/directory/esops.json",
    "/current/working/directory/package.json"
  ],
  "opts": [
    "../infrastructure-external"
  ],
  "stack": [
    "../infrastructure-external"
  ],
  "destination": "/current/working/directory",
  "compose": [
    "../infrastructure-external"
  ]
}`

